#
# There is insufficient memory for the Java Runtime Environment to continue.
# Native memory allocation (malloc) failed to allocate 32744 bytes. Error detail: Chunk::new
# Possible reasons:
#   The system is out of physical RAM or swap space
#   This process is running with CompressedOops enabled, and the Java Heap may be blocking the growth of the native heap
# Possible solutions:
#   Reduce memory load on the system
#   Increase physical memory or swap space
#   Check if swap backing store is full
#   Decrease Java heap size (-Xmx/-Xms)
#   Decrease number of Java threads
#   Decrease Java thread stack sizes (-Xss)
#   Set larger code cache with -XX:ReservedCodeCacheSize=
#   JVM is running with Zero Based Compressed Oops mode in which the Java heap is
#     placed in the first 32GB address space. The Java Heap base address is the
#     maximum limit for the native heap growth. Please use -XX:HeapBaseMinAddress
#     to set the Java Heap base and to place the Java Heap above 32GB virtual address.
# This output file may be truncated or incomplete.
#
#  Out of Memory Error (arena.cpp:149), pid=30512, tid=18564
#
# JRE version: Java(TM) SE Runtime Environment (23.0.1+11) (build 23.0.1+11-39)
# Java VM: Java HotSpot(TM) 64-Bit Server VM (23.0.1+11-39, mixed mode, sharing, tiered, compressed oops, compressed class ptrs, g1 gc, windows-amd64)
# No core dump will be written. Minidumps are not enabled by default on client versions of Windows
#

---------------  S U M M A R Y ------------

Command Line: -XX:+ShowCodeDetailsInExceptionMessages supervisor.Supervisor

Host: 11th Gen Intel(R) Core(TM) i7-11370H @ 3.30GHz, 8 cores, 15G,  Windows 11 , 64 bit Build 26100 (10.0.26100.7623)
Time: Sun Jan 18 20:41:57 2026 GMT Standard Time elapsed time: 11.677672 seconds (0d 0h 0m 11s)

---------------  T H R E A D  ---------------

Current thread (0x00000279db3da6e0):  JavaThread "C2 CompilerThread2" daemon [_thread_in_native, id=18564, stack(0x0000007d14b00000,0x0000007d14c00000) (1024K)]


Current CompileTask:
C2:11677 2875       4       java.util.concurrent.ScheduledThreadPoolExecutor$DelayedWorkQueue::finishPoll (43 bytes)

Stack: [0x0000007d14b00000,0x0000007d14c00000]
Native frames: (J=compiled Java code, j=interpreted, Vv=VM code, C=native code)
V  [jvm.dll+0x6e08b9]  (no source info available)
V  [jvm.dll+0x87dc83]  (no source info available)
V  [jvm.dll+0x88010e]  (no source info available)
V  [jvm.dll+0x8807e3]  (no source info available)
V  [jvm.dll+0x27aee6]  (no source info available)
V  [jvm.dll+0xbc06f]  (no source info available)
V  [jvm.dll+0xbc2cb]  (no source info available)
V  [jvm.dll+0x70b42a]  (no source info available)
V  [jvm.dll+0x1dc46b]  (no source info available)
V  [jvm.dll+0x244be5]  (no source info available)
V  [jvm.dll+0x243dff]  (no source info available)
V  [jvm.dll+0x1c33a0]  (no source info available)
V  [jvm.dll+0x253cf1]  (no source info available)
V  [jvm.dll+0x251faa]  (no source info available)
V  [jvm.dll+0x3ee036]  (no source info available)
V  [jvm.dll+0x824f8b]  (no source info available)
V  [jvm.dll+0x6df065]  (no source info available)
C  [ucrtbase.dll+0x37b0]  (no source info available)
C  [KERNEL32.DLL+0x2e8d7]  (no source info available)
C  [ntdll.dll+0x8c53c]  (no source info available)

Lock stack of current Java thread (top to bottom):


---------------  P R O C E S S  ---------------

Threads class SMR info:
_java_thread_list=0x00000279db3d4380, length=40, elements={
0x00000279f4e2f830, 0x00000279da001090, 0x00000279da0040f0, 0x00000279da007590,
0x00000279da0080e0, 0x00000279da008c30, 0x00000279da0098b0, 0x00000279da00dd60,
0x00000279da00e640, 0x00000279da161d60, 0x00000279da168820, 0x00000279da6e3270,
0x00000279da709aa0, 0x00000279da7548b0, 0x00000279da728a50, 0x00000279da7d95f0,
0x00000279da8ab690, 0x00000279da8ac570, 0x00000279da8fb070, 0x00000279dabc5160,
0x00000279dabc4ad0, 0x00000279dabc4440, 0x00000279dabc57f0, 0x00000279dabc6510,
0x00000279dabc7230, 0x00000279dabc6ba0, 0x00000279dabc3db0, 0x00000279dabc5e80,
0x00000279dab10ac0, 0x00000279dab11e70, 0x00000279dab0fda0, 0x00000279dab11150,
0x00000279dab12500, 0x00000279dab117e0, 0x00000279dab12b90, 0x00000279dab0f710,
0x00000279dab138b0, 0x00000279dab13f40, 0x00000279db3dc220, 0x00000279db3da6e0
}

Java Threads: ( => current thread )
  0x00000279f4e2f830 JavaThread "main"                              [_thread_blocked, id=21288, stack(0x0000007d11100000,0x0000007d11200000) (1024K)]
  0x00000279da001090 JavaThread "Reference Handler"          daemon [_thread_blocked, id=9024, stack(0x0000007d11900000,0x0000007d11a00000) (1024K)]
  0x00000279da0040f0 JavaThread "Finalizer"                  daemon [_thread_blocked, id=3844, stack(0x0000007d11a00000,0x0000007d11b00000) (1024K)]
  0x00000279da007590 JavaThread "Signal Dispatcher"          daemon [_thread_blocked, id=3732, stack(0x0000007d11b00000,0x0000007d11c00000) (1024K)]
  0x00000279da0080e0 JavaThread "Attach Listener"            daemon [_thread_blocked, id=380, stack(0x0000007d11c00000,0x0000007d11d00000) (1024K)]
  0x00000279da008c30 JavaThread "Service Thread"             daemon [_thread_blocked, id=7216, stack(0x0000007d11d00000,0x0000007d11e00000) (1024K)]
  0x00000279da0098b0 JavaThread "Monitor Deflation Thread"   daemon [_thread_blocked, id=24752, stack(0x0000007d11e00000,0x0000007d11f00000) (1024K)]
  0x00000279da00dd60 JavaThread "C2 CompilerThread0"         daemon [_thread_in_native, id=27056, stack(0x0000007d11f00000,0x0000007d12000000) (1024K)]
  0x00000279da00e640 JavaThread "C1 CompilerThread0"         daemon [_thread_blocked, id=28680, stack(0x0000007d12000000,0x0000007d12100000) (1024K)]
  0x00000279da161d60 JavaThread "Notification Thread"        daemon [_thread_blocked, id=15744, stack(0x0000007d12100000,0x0000007d12200000) (1024K)]
  0x00000279da168820 JavaThread "Common-Cleaner"             daemon [_thread_blocked, id=28816, stack(0x0000007d12200000,0x0000007d12300000) (1024K)]
  0x00000279da6e3270 JavaThread "ForkJoinPool-1-worker-1"    daemon [_thread_blocked, id=20532, stack(0x0000007d12300000,0x0000007d12400000) (1024K)]
  0x00000279da709aa0 JavaThread "Read-Poller"                daemon [_thread_in_native, id=30048, stack(0x0000007d12400000,0x0000007d12500000) (1024K)]
  0x00000279da7548b0 JavaThread "Write-Poller"               daemon [_thread_in_native, id=19936, stack(0x0000007d12500000,0x0000007d12600000) (1024K)]
  0x00000279da728a50 JavaThread "WebSocketSelector-33"              [_thread_in_native, id=18584, stack(0x0000007d12600000,0x0000007d12700000) (1024K)]
  0x00000279da7d95f0 JavaThread "ForkJoinPool-1-worker-2"    daemon [_thread_in_Java, id=20020, stack(0x0000007d12700000,0x0000007d12800000) (1024K)]
  0x00000279da8ab690 JavaThread "ForkJoinPool-1-worker-3"    daemon [_thread_blocked, id=6432, stack(0x0000007d12800000,0x0000007d12900000) (1024K)]
  0x00000279da8ac570 JavaThread "ForkJoinPool-1-worker-4"    daemon [_thread_blocked, id=13844, stack(0x0000007d12900000,0x0000007d12a00000) (1024K)]
  0x00000279da8fb070 JavaThread "VirtualThread-unparker"     daemon [_thread_blocked, id=25244, stack(0x0000007d12a00000,0x0000007d12b00000) (1024K)]
  0x00000279dabc5160 JavaThread "connectionLostChecker-1"           [_thread_blocked, id=17620, stack(0x0000007d13400000,0x0000007d13500000) (1024K)]
  0x00000279dabc4ad0 JavaThread "WebSocketWorker-25"                [_thread_blocked, id=30120, stack(0x0000007d13500000,0x0000007d13600000) (1024K)]
  0x00000279dabc4440 JavaThread "WebSocketWorker-26"                [_thread_blocked, id=4632, stack(0x0000007d13600000,0x0000007d13700000) (1024K)]
  0x00000279dabc57f0 JavaThread "WebSocketWorker-27"                [_thread_blocked, id=29872, stack(0x0000007d13700000,0x0000007d13800000) (1024K)]
  0x00000279dabc6510 JavaThread "WebSocketWorker-28"                [_thread_blocked, id=26128, stack(0x0000007d13800000,0x0000007d13900000) (1024K)]
  0x00000279dabc7230 JavaThread "WebSocketWorker-29"                [_thread_blocked, id=20376, stack(0x0000007d13900000,0x0000007d13a00000) (1024K)]
  0x00000279dabc6ba0 JavaThread "WebSocketWorker-30"                [_thread_blocked, id=24296, stack(0x0000007d13a00000,0x0000007d13b00000) (1024K)]
  0x00000279dabc3db0 JavaThread "WebSocketWorker-31"                [_thread_blocked, id=10624, stack(0x0000007d13b00000,0x0000007d13c00000) (1024K)]
  0x00000279dabc5e80 JavaThread "WebSocketWorker-32"                [_thread_blocked, id=12608, stack(0x0000007d13c00000,0x0000007d13d00000) (1024K)]
  0x00000279dab10ac0 JavaThread "Java2D Disposer"            daemon [_thread_blocked, id=16252, stack(0x0000007d12b00000,0x0000007d12c00000) (1024K)]
  0x00000279dab11e70 JavaThread "AWT-Shutdown"                      [_thread_blocked, id=25324, stack(0x0000007d12c00000,0x0000007d12d00000) (1024K)]
  0x00000279dab0fda0 JavaThread "AWT-Windows"                daemon [_thread_in_native, id=27732, stack(0x0000007d13d00000,0x0000007d13e00000) (1024K)]
  0x00000279dab11150 JavaThread "AWT-EventQueue-0"                  [_thread_blocked, id=17916, stack(0x0000007d13e00000,0x0000007d13f00000) (1024K)]
  0x00000279dab12500 JavaThread "ForkJoinPool-1-worker-6"    daemon [_thread_blocked, id=28856, stack(0x0000007d13f00000,0x0000007d14000000) (1024K)]
  0x00000279dab117e0 JavaThread "ForkJoinPool-1-worker-5"    daemon [_thread_blocked, id=29104, stack(0x0000007d14000000,0x0000007d14100000) (1024K)]
  0x00000279dab12b90 JavaThread "ForkJoinPool-1-worker-7"    daemon [_thread_blocked, id=7488, stack(0x0000007d14100000,0x0000007d14200000) (1024K)]
  0x00000279dab0f710 JavaThread "ForkJoinPool-1-worker-8"    daemon [_thread_blocked, id=25308, stack(0x0000007d14200000,0x0000007d14300000) (1024K)]
  0x00000279dab138b0 JavaThread "TimerQueue"                 daemon [_thread_blocked, id=30572, stack(0x0000007d14500000,0x0000007d14600000) (1024K)]
  0x00000279dab13f40 JavaThread "D3D Screen Updater"         daemon [_thread_blocked, id=27120, stack(0x0000007d14900000,0x0000007d14a00000) (1024K)]
  0x00000279db3dc220 JavaThread "C2 CompilerThread1"         daemon [_thread_in_native, id=24364, stack(0x0000007d14a00000,0x0000007d14b00000) (1024K)]
=>0x00000279db3da6e0 JavaThread "C2 CompilerThread2"         daemon [_thread_in_native, id=18564, stack(0x0000007d14b00000,0x0000007d14c00000) (1024K)]
Total: 40

Other Threads:
  0x00000279feb56e20 VMThread "VM Thread"                           [id=29132, stack(0x0000007d11800000,0x0000007d11900000) (1024K)]
  0x00000279feb3aa00 WatcherThread "VM Periodic Task Thread"        [id=28664, stack(0x0000007d11700000,0x0000007d11800000) (1024K)]
  0x00000279f4e95680 WorkerThread "GC Thread#0"                     [id=26268, stack(0x0000007d11200000,0x0000007d11300000) (1024K)]
  0x00000279daba1f90 WorkerThread "GC Thread#1"                     [id=22892, stack(0x0000007d12d00000,0x0000007d12e00000) (1024K)]
  0x00000279daba2340 WorkerThread "GC Thread#2"                     [id=21560, stack(0x0000007d12e00000,0x0000007d12f00000) (1024K)]
  0x00000279daba26f0 WorkerThread "GC Thread#3"                     [id=17496, stack(0x0000007d12f00000,0x0000007d13000000) (1024K)]
  0x00000279daba2aa0 WorkerThread "GC Thread#4"                     [id=12064, stack(0x0000007d13000000,0x0000007d13100000) (1024K)]
  0x00000279daba3660 WorkerThread "GC Thread#5"                     [id=30560, stack(0x0000007d13100000,0x0000007d13200000) (1024K)]
  0x00000279dac12820 WorkerThread "GC Thread#6"                     [id=22648, stack(0x0000007d13200000,0x0000007d13300000) (1024K)]
  0x00000279dac12bd0 WorkerThread "GC Thread#7"                     [id=28236, stack(0x0000007d13300000,0x0000007d13400000) (1024K)]
  0x00000279f4ee5010 ConcurrentGCThread "G1 Main Marker"            [id=27096, stack(0x0000007d11300000,0x0000007d11400000) (1024K)]
  0x00000279f4ee6ad0 WorkerThread "G1 Conc#0"                       [id=30644, stack(0x0000007d11400000,0x0000007d11500000) (1024K)]
  0x00000279fea03ba0 ConcurrentGCThread "G1 Refine#0"               [id=12212, stack(0x0000007d11500000,0x0000007d11600000) (1024K)]
  0x00000279fea04720 ConcurrentGCThread "G1 Service"                [id=29056, stack(0x0000007d11600000,0x0000007d11700000) (1024K)]
Total: 14

Threads with active compile tasks:
C2 CompilerThread0  11763 2924   !   4       java.util.concurrent.ThreadPoolExecutor::getTask (177 bytes)
C2 CompilerThread1  11763 2564 %     4       supervisor.communication.Worker::generalFsmLogic @ 0 (164 bytes)
C2 CompilerThread2  11764 2875       4       java.util.concurrent.ScheduledThreadPoolExecutor$DelayedWorkQueue::finishPoll (43 bytes)
Total: 3

VM state: not at safepoint (normal execution)

VM Mutex/Monitor currently owned by a thread: None

Heap address: 0x0000000704c00000, size: 4020 MB, Compressed Oops mode: Zero based, Oop shift amount: 3

CDS archive(s) mapped at: [0x0000027995000000-0x0000027995d70000-0x0000027995d70000), size 14090240, SharedBaseAddress: 0x0000027995000000, ArchiveRelocationMode: 1.
Compressed class space mapped at: 0x0000027996000000-0x00000279d6000000, reserved size: 1073741824
Narrow klass base: 0x0000027995000000, Narrow klass shift: 0, Narrow klass range: 0x41000000

GC Precious Log:
 CardTable entry size: 512
 Card Set container configuration: InlinePtr #cards 4 size 8 Array Of Cards #cards 16 size 48 Howl #buckets 8 coarsen threshold 3686 Howl Bitmap #cards 512 size 80 coarsen threshold 460 Card regions per heap region 1 cards per card region 4096
 CPUs: 8 total, 8 available
 Memory: 16075M
 Large Page Support: Disabled
 NUMA Support: Disabled
 Compressed Oops: Enabled (Zero based)
 Heap Region Size: 2M
 Heap Min Capacity: 8M
 Heap Initial Capacity: 252M
 Heap Max Capacity: 4020M
 Pre-touch: Disabled
 Parallel Workers: 8
 Concurrent Workers: 2
 Concurrent Refinement Workers: 8
 Periodic GC: Disabled

Heap:
 garbage-first heap   total reserved 4116480K, committed 258048K, used 87471K [0x0000000704c00000, 0x0000000800000000)
  region size 2048K, 43 young (88064K), 3 survivors (6144K)
 Metaspace       used 19020K, committed 19328K, reserved 1114112K
  class space    used 2173K, committed 2304K, reserved 1048576K

Heap Regions: E=young(eden), S=young(survivor), O=old, HS=humongous(starts), HC=humongous(continues), CS=collection set, F=free, TAMS=top-at-mark-start, PB=parsable bottom
|   0|0x0000000704c00000, 0x0000000704e00000, 0x0000000704e00000|100%| O|  |TAMS 0x0000000704c00000| PB 0x0000000704c00000| Untracked |  0
|   1|0x0000000704e00000, 0x0000000704f1d5c8, 0x0000000705000000| 55%| O|  |TAMS 0x0000000704e00000| PB 0x0000000704e00000| Untracked |  0
|   2|0x0000000705000000, 0x0000000705000000, 0x0000000705200000|  0%| F|  |TAMS 0x0000000705000000| PB 0x0000000705000000| Untracked |  0
|   3|0x0000000705200000, 0x0000000705200000, 0x0000000705400000|  0%| F|  |TAMS 0x0000000705200000| PB 0x0000000705200000| Untracked |  0
|   4|0x0000000705400000, 0x0000000705400000, 0x0000000705600000|  0%| F|  |TAMS 0x0000000705400000| PB 0x0000000705400000| Untracked |  0
|   5|0x0000000705600000, 0x0000000705600000, 0x0000000705800000|  0%| F|  |TAMS 0x0000000705600000| PB 0x0000000705600000| Untracked |  0
|   6|0x0000000705800000, 0x0000000705800000, 0x0000000705a00000|  0%| F|  |TAMS 0x0000000705800000| PB 0x0000000705800000| Untracked |  0
|   7|0x0000000705a00000, 0x0000000705a00000, 0x0000000705c00000|  0%| F|  |TAMS 0x0000000705a00000| PB 0x0000000705a00000| Untracked |  0
|   8|0x0000000705c00000, 0x0000000705c00000, 0x0000000705e00000|  0%| F|  |TAMS 0x0000000705c00000| PB 0x0000000705c00000| Untracked |  0
|   9|0x0000000705e00000, 0x0000000705e00000, 0x0000000706000000|  0%| F|  |TAMS 0x0000000705e00000| PB 0x0000000705e00000| Untracked |  0
|  10|0x0000000706000000, 0x0000000706000000, 0x0000000706200000|  0%| F|  |TAMS 0x0000000706000000| PB 0x0000000706000000| Untracked |  0
|  11|0x0000000706200000, 0x0000000706200000, 0x0000000706400000|  0%| F|  |TAMS 0x0000000706200000| PB 0x0000000706200000| Untracked |  0
|  12|0x0000000706400000, 0x0000000706400000, 0x0000000706600000|  0%| F|  |TAMS 0x0000000706400000| PB 0x0000000706400000| Untracked |  0
|  13|0x0000000706600000, 0x0000000706600000, 0x0000000706800000|  0%| F|  |TAMS 0x0000000706600000| PB 0x0000000706600000| Untracked |  0
|  14|0x0000000706800000, 0x0000000706800000, 0x0000000706a00000|  0%| F|  |TAMS 0x0000000706800000| PB 0x0000000706800000| Untracked |  0
|  15|0x0000000706a00000, 0x0000000706a00000, 0x0000000706c00000|  0%| F|  |TAMS 0x0000000706a00000| PB 0x0000000706a00000| Untracked |  0
|  16|0x0000000706c00000, 0x0000000706c00000, 0x0000000706e00000|  0%| F|  |TAMS 0x0000000706c00000| PB 0x0000000706c00000| Untracked |  0
|  17|0x0000000706e00000, 0x0000000706e00000, 0x0000000707000000|  0%| F|  |TAMS 0x0000000706e00000| PB 0x0000000706e00000| Untracked |  0
|  18|0x0000000707000000, 0x0000000707000000, 0x0000000707200000|  0%| F|  |TAMS 0x0000000707000000| PB 0x0000000707000000| Untracked |  0
|  19|0x0000000707200000, 0x0000000707200000, 0x0000000707400000|  0%| F|  |TAMS 0x0000000707200000| PB 0x0000000707200000| Untracked |  0
|  20|0x0000000707400000, 0x0000000707400000, 0x0000000707600000|  0%| F|  |TAMS 0x0000000707400000| PB 0x0000000707400000| Untracked |  0
|  21|0x0000000707600000, 0x0000000707600000, 0x0000000707800000|  0%| F|  |TAMS 0x0000000707600000| PB 0x0000000707600000| Untracked |  0
|  22|0x0000000707800000, 0x0000000707800000, 0x0000000707a00000|  0%| F|  |TAMS 0x0000000707800000| PB 0x0000000707800000| Untracked |  0
|  23|0x0000000707a00000, 0x0000000707a00000, 0x0000000707c00000|  0%| F|  |TAMS 0x0000000707a00000| PB 0x0000000707a00000| Untracked |  0
|  24|0x0000000707c00000, 0x0000000707c00000, 0x0000000707e00000|  0%| F|  |TAMS 0x0000000707c00000| PB 0x0000000707c00000| Untracked |  0
|  25|0x0000000707e00000, 0x0000000707e00000, 0x0000000708000000|  0%| F|  |TAMS 0x0000000707e00000| PB 0x0000000707e00000| Untracked |  0
|  26|0x0000000708000000, 0x0000000708000000, 0x0000000708200000|  0%| F|  |TAMS 0x0000000708000000| PB 0x0000000708000000| Untracked |  0
|  27|0x0000000708200000, 0x0000000708200000, 0x0000000708400000|  0%| F|  |TAMS 0x0000000708200000| PB 0x0000000708200000| Untracked |  0
|  28|0x0000000708400000, 0x0000000708400000, 0x0000000708600000|  0%| F|  |TAMS 0x0000000708400000| PB 0x0000000708400000| Untracked |  0
|  29|0x0000000708600000, 0x0000000708600000, 0x0000000708800000|  0%| F|  |TAMS 0x0000000708600000| PB 0x0000000708600000| Untracked |  0
|  30|0x0000000708800000, 0x0000000708800000, 0x0000000708a00000|  0%| F|  |TAMS 0x0000000708800000| PB 0x0000000708800000| Untracked |  0
|  31|0x0000000708a00000, 0x0000000708a00000, 0x0000000708c00000|  0%| F|  |TAMS 0x0000000708a00000| PB 0x0000000708a00000| Untracked |  0
|  32|0x0000000708c00000, 0x0000000708c00000, 0x0000000708e00000|  0%| F|  |TAMS 0x0000000708c00000| PB 0x0000000708c00000| Untracked |  0
|  33|0x0000000708e00000, 0x0000000708e00000, 0x0000000709000000|  0%| F|  |TAMS 0x0000000708e00000| PB 0x0000000708e00000| Untracked |  0
|  34|0x0000000709000000, 0x0000000709000000, 0x0000000709200000|  0%| F|  |TAMS 0x0000000709000000| PB 0x0000000709000000| Untracked |  0
|  35|0x0000000709200000, 0x0000000709200000, 0x0000000709400000|  0%| F|  |TAMS 0x0000000709200000| PB 0x0000000709200000| Untracked |  0
|  36|0x0000000709400000, 0x0000000709400000, 0x0000000709600000|  0%| F|  |TAMS 0x0000000709400000| PB 0x0000000709400000| Untracked |  0
|  37|0x0000000709600000, 0x0000000709600000, 0x0000000709800000|  0%| F|  |TAMS 0x0000000709600000| PB 0x0000000709600000| Untracked |  0
|  38|0x0000000709800000, 0x0000000709800000, 0x0000000709a00000|  0%| F|  |TAMS 0x0000000709800000| PB 0x0000000709800000| Untracked |  0
|  39|0x0000000709a00000, 0x0000000709a00000, 0x0000000709c00000|  0%| F|  |TAMS 0x0000000709a00000| PB 0x0000000709a00000| Untracked |  0
|  40|0x0000000709c00000, 0x0000000709c00000, 0x0000000709e00000|  0%| F|  |TAMS 0x0000000709c00000| PB 0x0000000709c00000| Untracked |  0
|  41|0x0000000709e00000, 0x0000000709e00000, 0x000000070a000000|  0%| F|  |TAMS 0x0000000709e00000| PB 0x0000000709e00000| Untracked |  0
|  42|0x000000070a000000, 0x000000070a000000, 0x000000070a200000|  0%| F|  |TAMS 0x000000070a000000| PB 0x000000070a000000| Untracked |  0
|  43|0x000000070a200000, 0x000000070a200000, 0x000000070a400000|  0%| F|  |TAMS 0x000000070a200000| PB 0x000000070a200000| Untracked |  0
|  44|0x000000070a400000, 0x000000070a400000, 0x000000070a600000|  0%| F|  |TAMS 0x000000070a400000| PB 0x000000070a400000| Untracked |  0
|  45|0x000000070a600000, 0x000000070a600000, 0x000000070a800000|  0%| F|  |TAMS 0x000000070a600000| PB 0x000000070a600000| Untracked |  0
|  46|0x000000070a800000, 0x000000070a800000, 0x000000070aa00000|  0%| F|  |TAMS 0x000000070a800000| PB 0x000000070a800000| Untracked |  0
|  47|0x000000070aa00000, 0x000000070aa00000, 0x000000070ac00000|  0%| F|  |TAMS 0x000000070aa00000| PB 0x000000070aa00000| Untracked |  0
|  48|0x000000070ac00000, 0x000000070ac4e750, 0x000000070ae00000| 15%| S|CS|TAMS 0x000000070ac00000| PB 0x000000070ac00000| Complete |  0
|  49|0x000000070ae00000, 0x000000070b000000, 0x000000070b000000|100%| S|CS|TAMS 0x000000070ae00000| PB 0x000000070ae00000| Complete |  0
|  50|0x000000070b000000, 0x000000070b000000, 0x000000070b200000|  0%| F|  |TAMS 0x000000070b000000| PB 0x000000070b000000| Untracked |  0
|  51|0x000000070b200000, 0x000000070b400000, 0x000000070b400000|100%| S|CS|TAMS 0x000000070b200000| PB 0x000000070b200000| Complete |  0
|  52|0x000000070b400000, 0x000000070b400000, 0x000000070b600000|  0%| F|  |TAMS 0x000000070b400000| PB 0x000000070b400000| Untracked |  0
|  53|0x000000070b600000, 0x000000070b600000, 0x000000070b800000|  0%| F|  |TAMS 0x000000070b600000| PB 0x000000070b600000| Untracked |  0
|  54|0x000000070b800000, 0x000000070b800000, 0x000000070ba00000|  0%| F|  |TAMS 0x000000070b800000| PB 0x000000070b800000| Untracked |  0
|  55|0x000000070ba00000, 0x000000070ba00000, 0x000000070bc00000|  0%| F|  |TAMS 0x000000070ba00000| PB 0x000000070ba00000| Untracked |  0
|  56|0x000000070bc00000, 0x000000070bc00000, 0x000000070be00000|  0%| F|  |TAMS 0x000000070bc00000| PB 0x000000070bc00000| Untracked |  0
|  57|0x000000070be00000, 0x000000070be00000, 0x000000070c000000|  0%| F|  |TAMS 0x000000070be00000| PB 0x000000070be00000| Untracked |  0
|  58|0x000000070c000000, 0x000000070c000000, 0x000000070c200000|  0%| F|  |TAMS 0x000000070c000000| PB 0x000000070c000000| Untracked |  0
|  59|0x000000070c200000, 0x000000070c200000, 0x000000070c400000|  0%| F|  |TAMS 0x000000070c200000| PB 0x000000070c200000| Untracked |  0
|  60|0x000000070c400000, 0x000000070c400000, 0x000000070c600000|  0%| F|  |TAMS 0x000000070c400000| PB 0x000000070c400000| Untracked |  0
|  61|0x000000070c600000, 0x000000070c600000, 0x000000070c800000|  0%| F|  |TAMS 0x000000070c600000| PB 0x000000070c600000| Untracked |  0
|  62|0x000000070c800000, 0x000000070c800000, 0x000000070ca00000|  0%| F|  |TAMS 0x000000070c800000| PB 0x000000070c800000| Untracked |  0
|  63|0x000000070ca00000, 0x000000070ca00000, 0x000000070cc00000|  0%| F|  |TAMS 0x000000070ca00000| PB 0x000000070ca00000| Untracked |  0
|  64|0x000000070cc00000, 0x000000070cc00000, 0x000000070ce00000|  0%| F|  |TAMS 0x000000070cc00000| PB 0x000000070cc00000| Untracked |  0
|  65|0x000000070ce00000, 0x000000070ce00000, 0x000000070d000000|  0%| F|  |TAMS 0x000000070ce00000| PB 0x000000070ce00000| Untracked |  0
|  66|0x000000070d000000, 0x000000070d000000, 0x000000070d200000|  0%| F|  |TAMS 0x000000070d000000| PB 0x000000070d000000| Untracked |  0
|  67|0x000000070d200000, 0x000000070d200000, 0x000000070d400000|  0%| F|  |TAMS 0x000000070d200000| PB 0x000000070d200000| Untracked |  0
|  68|0x000000070d400000, 0x000000070d400000, 0x000000070d600000|  0%| F|  |TAMS 0x000000070d400000| PB 0x000000070d400000| Untracked |  0
|  69|0x000000070d600000, 0x000000070d600000, 0x000000070d800000|  0%| F|  |TAMS 0x000000070d600000| PB 0x000000070d600000| Untracked |  0
|  70|0x000000070d800000, 0x000000070d800000, 0x000000070da00000|  0%| F|  |TAMS 0x000000070d800000| PB 0x000000070d800000| Untracked |  0
|  71|0x000000070da00000, 0x000000070da00000, 0x000000070dc00000|  0%| F|  |TAMS 0x000000070da00000| PB 0x000000070da00000| Untracked |  0
|  72|0x000000070dc00000, 0x000000070dc00000, 0x000000070de00000|  0%| F|  |TAMS 0x000000070dc00000| PB 0x000000070dc00000| Untracked |  0
|  73|0x000000070de00000, 0x000000070de00000, 0x000000070e000000|  0%| F|  |TAMS 0x000000070de00000| PB 0x000000070de00000| Untracked |  0
|  74|0x000000070e000000, 0x000000070e000000, 0x000000070e200000|  0%| F|  |TAMS 0x000000070e000000| PB 0x000000070e000000| Untracked |  0
|  75|0x000000070e200000, 0x000000070e200000, 0x000000070e400000|  0%| F|  |TAMS 0x000000070e200000| PB 0x000000070e200000| Untracked |  0
|  76|0x000000070e400000, 0x000000070e400000, 0x000000070e600000|  0%| F|  |TAMS 0x000000070e400000| PB 0x000000070e400000| Untracked |  0
|  77|0x000000070e600000, 0x000000070e600000, 0x000000070e800000|  0%| F|  |TAMS 0x000000070e600000| PB 0x000000070e600000| Untracked |  0
|  78|0x000000070e800000, 0x000000070e800000, 0x000000070ea00000|  0%| F|  |TAMS 0x000000070e800000| PB 0x000000070e800000| Untracked |  0
|  79|0x000000070ea00000, 0x000000070ea00000, 0x000000070ec00000|  0%| F|  |TAMS 0x000000070ea00000| PB 0x000000070ea00000| Untracked |  0
|  80|0x000000070ec00000, 0x000000070ec00000, 0x000000070ee00000|  0%| F|  |TAMS 0x000000070ec00000| PB 0x000000070ec00000| Untracked |  0
|  81|0x000000070ee00000, 0x000000070ee00000, 0x000000070f000000|  0%| F|  |TAMS 0x000000070ee00000| PB 0x000000070ee00000| Untracked |  0
|  82|0x000000070f000000, 0x000000070f000000, 0x000000070f200000|  0%| F|  |TAMS 0x000000070f000000| PB 0x000000070f000000| Untracked |  0
|  83|0x000000070f200000, 0x000000070f200000, 0x000000070f400000|  0%| F|  |TAMS 0x000000070f200000| PB 0x000000070f200000| Untracked |  0
|  84|0x000000070f400000, 0x000000070f400000, 0x000000070f600000|  0%| F|  |TAMS 0x000000070f400000| PB 0x000000070f400000| Untracked |  0
|  85|0x000000070f600000, 0x000000070f6a1bc0, 0x000000070f800000| 31%| E|  |TAMS 0x000000070f600000| PB 0x000000070f600000| Complete |  0
|  86|0x000000070f800000, 0x000000070fa00000, 0x000000070fa00000|100%| E|CS|TAMS 0x000000070f800000| PB 0x000000070f800000| Complete |  0
|  87|0x000000070fa00000, 0x000000070fc00000, 0x000000070fc00000|100%| E|CS|TAMS 0x000000070fa00000| PB 0x000000070fa00000| Complete |  0
|  88|0x000000070fc00000, 0x000000070fe00000, 0x000000070fe00000|100%| E|CS|TAMS 0x000000070fc00000| PB 0x000000070fc00000| Complete |  0
|  89|0x000000070fe00000, 0x0000000710000000, 0x0000000710000000|100%| E|CS|TAMS 0x000000070fe00000| PB 0x000000070fe00000| Complete |  0
|  90|0x0000000710000000, 0x0000000710200000, 0x0000000710200000|100%| E|CS|TAMS 0x0000000710000000| PB 0x0000000710000000| Complete |  0
|  91|0x0000000710200000, 0x0000000710400000, 0x0000000710400000|100%| E|CS|TAMS 0x0000000710200000| PB 0x0000000710200000| Complete |  0
|  92|0x0000000710400000, 0x0000000710600000, 0x0000000710600000|100%| E|CS|TAMS 0x0000000710400000| PB 0x0000000710400000| Complete |  0
|  93|0x0000000710600000, 0x0000000710800000, 0x0000000710800000|100%| E|CS|TAMS 0x0000000710600000| PB 0x0000000710600000| Complete |  0
|  94|0x0000000710800000, 0x0000000710a00000, 0x0000000710a00000|100%| E|CS|TAMS 0x0000000710800000| PB 0x0000000710800000| Complete |  0
|  95|0x0000000710a00000, 0x0000000710c00000, 0x0000000710c00000|100%| E|CS|TAMS 0x0000000710a00000| PB 0x0000000710a00000| Complete |  0
|  96|0x0000000710c00000, 0x0000000710e00000, 0x0000000710e00000|100%| E|CS|TAMS 0x0000000710c00000| PB 0x0000000710c00000| Complete |  0
|  97|0x0000000710e00000, 0x0000000711000000, 0x0000000711000000|100%| E|CS|TAMS 0x0000000710e00000| PB 0x0000000710e00000| Complete |  0
|  98|0x0000000711000000, 0x0000000711200000, 0x0000000711200000|100%| E|CS|TAMS 0x0000000711000000| PB 0x0000000711000000| Complete |  0
|  99|0x0000000711200000, 0x0000000711400000, 0x0000000711400000|100%| E|CS|TAMS 0x0000000711200000| PB 0x0000000711200000| Complete |  0
| 100|0x0000000711400000, 0x0000000711600000, 0x0000000711600000|100%| E|CS|TAMS 0x0000000711400000| PB 0x0000000711400000| Complete |  0
| 101|0x0000000711600000, 0x0000000711800000, 0x0000000711800000|100%| E|CS|TAMS 0x0000000711600000| PB 0x0000000711600000| Complete |  0
| 102|0x0000000711800000, 0x0000000711a00000, 0x0000000711a00000|100%| E|CS|TAMS 0x0000000711800000| PB 0x0000000711800000| Complete |  0
| 103|0x0000000711a00000, 0x0000000711c00000, 0x0000000711c00000|100%| E|CS|TAMS 0x0000000711a00000| PB 0x0000000711a00000| Complete |  0
| 104|0x0000000711c00000, 0x0000000711e00000, 0x0000000711e00000|100%| E|CS|TAMS 0x0000000711c00000| PB 0x0000000711c00000| Complete |  0
| 105|0x0000000711e00000, 0x0000000712000000, 0x0000000712000000|100%| E|CS|TAMS 0x0000000711e00000| PB 0x0000000711e00000| Complete |  0
| 106|0x0000000712000000, 0x0000000712200000, 0x0000000712200000|100%| E|CS|TAMS 0x0000000712000000| PB 0x0000000712000000| Complete |  0
| 107|0x0000000712200000, 0x0000000712400000, 0x0000000712400000|100%| E|CS|TAMS 0x0000000712200000| PB 0x0000000712200000| Complete |  0
| 108|0x0000000712400000, 0x0000000712600000, 0x0000000712600000|100%| E|CS|TAMS 0x0000000712400000| PB 0x0000000712400000| Complete |  0
| 109|0x0000000712600000, 0x0000000712800000, 0x0000000712800000|100%| E|CS|TAMS 0x0000000712600000| PB 0x0000000712600000| Complete |  0
| 110|0x0000000712800000, 0x0000000712a00000, 0x0000000712a00000|100%| E|CS|TAMS 0x0000000712800000| PB 0x0000000712800000| Complete |  0
| 111|0x0000000712a00000, 0x0000000712c00000, 0x0000000712c00000|100%| E|CS|TAMS 0x0000000712a00000| PB 0x0000000712a00000| Complete |  0
| 112|0x0000000712c00000, 0x0000000712e00000, 0x0000000712e00000|100%| E|CS|TAMS 0x0000000712c00000| PB 0x0000000712c00000| Complete |  0
| 113|0x0000000712e00000, 0x0000000713000000, 0x0000000713000000|100%| E|CS|TAMS 0x0000000712e00000| PB 0x0000000712e00000| Complete |  0
| 114|0x0000000713000000, 0x0000000713200000, 0x0000000713200000|100%| E|CS|TAMS 0x0000000713000000| PB 0x0000000713000000| Complete |  0
| 115|0x0000000713200000, 0x0000000713400000, 0x0000000713400000|100%| E|CS|TAMS 0x0000000713200000| PB 0x0000000713200000| Complete |  0
| 116|0x0000000713400000, 0x0000000713600000, 0x0000000713600000|100%| E|CS|TAMS 0x0000000713400000| PB 0x0000000713400000| Complete |  0
| 117|0x0000000713600000, 0x0000000713800000, 0x0000000713800000|100%| E|CS|TAMS 0x0000000713600000| PB 0x0000000713600000| Complete |  0
| 118|0x0000000713800000, 0x0000000713a00000, 0x0000000713a00000|100%| E|CS|TAMS 0x0000000713800000| PB 0x0000000713800000| Complete |  0
| 119|0x0000000713a00000, 0x0000000713c00000, 0x0000000713c00000|100%| E|CS|TAMS 0x0000000713a00000| PB 0x0000000713a00000| Complete |  0
| 120|0x0000000713c00000, 0x0000000713e00000, 0x0000000713e00000|100%| E|CS|TAMS 0x0000000713c00000| PB 0x0000000713c00000| Complete |  0
| 121|0x0000000713e00000, 0x0000000714000000, 0x0000000714000000|100%| E|CS|TAMS 0x0000000713e00000| PB 0x0000000713e00000| Complete |  0
| 122|0x0000000714000000, 0x0000000714200000, 0x0000000714200000|100%| E|CS|TAMS 0x0000000714000000| PB 0x0000000714000000| Complete |  0
| 123|0x0000000714200000, 0x0000000714400000, 0x0000000714400000|100%| E|CS|TAMS 0x0000000714200000| PB 0x0000000714200000| Complete |  0
| 124|0x0000000714400000, 0x0000000714600000, 0x0000000714600000|100%| E|CS|TAMS 0x0000000714400000| PB 0x0000000714400000| Complete |  0
| 125|0x0000000714600000, 0x0000000714800000, 0x0000000714800000|100%| E|CS|TAMS 0x0000000714600000| PB 0x0000000714600000| Complete |  0

Card table byte_map: [0x00000279fe080000,0x00000279fe860000] _byte_map_base: 0x00000279fa85a000

Marking Bits: (CMBitMap*) 0x00000279f4e95d90
 Bits: [0x000002798f000000, 0x0000027992ed0000)

Polling page: 0x00000279f3060000

Metaspace:

Usage:
  Non-class:     16.45 MB used.
      Class:      2.12 MB used.
       Both:     18.58 MB used.

Virtual space:
  Non-class space:       64.00 MB reserved,      16.62 MB ( 26%) committed,  1 nodes.
      Class space:        1.00 GB reserved,       2.25 MB ( <1%) committed,  1 nodes.
             Both:        1.06 GB reserved,      18.88 MB (  2%) committed. 

Chunk freelists:
   Non-Class:  14.94 MB
       Class:  13.71 MB
        Both:  28.65 MB

MaxMetaspaceSize: unlimited
CompressedClassSpaceSize: 1.00 GB
Initial GC threshold: 21.00 MB
Current GC threshold: 21.00 MB
CDS: on
 - commit_granule_bytes: 65536.
 - commit_granule_words: 8192.
 - virtual_space_node_default_size: 8388608.
 - enlarge_chunks_in_place: 1.
 - use_allocation_guard: 0.


Internal statistics:

num_allocs_failed_limit: 0.
num_arena_births: 310.
num_arena_deaths: 0.
num_vsnodes_births: 2.
num_vsnodes_deaths: 0.
num_space_committed: 302.
num_space_uncommitted: 0.
num_chunks_returned_to_freelist: 0.
num_chunks_taken_from_freelist: 606.
num_chunk_merges: 0.
num_chunk_splits: 391.
num_chunks_enlarged: 237.
num_inconsistent_stats: 0.

CodeHeap 'non-profiled nmethods': size=120064Kb used=971Kb max_used=971Kb free=119092Kb
 bounds [0x0000027987ac0000, 0x0000027987d30000, 0x000002798f000000]
CodeHeap 'profiled nmethods': size=120000Kb used=3864Kb max_used=3864Kb free=116135Kb
 bounds [0x0000027980000000, 0x00000279803d0000, 0x0000027987530000]
CodeHeap 'non-nmethods': size=5696Kb used=1872Kb max_used=1903Kb free=3823Kb
 bounds [0x0000027987530000, 0x00000279877a0000, 0x0000027987ac0000]
CodeCache: size=245760Kb, used=6707Kb, max_used=6738Kb, free=239050Kb
 total_blobs=3722, nmethods=2966, adapters=661, full_count=0
Compilation: enabled, stopped_count=0, restarted_count=0

Compilation events (20 events):
Event: 11.654 Thread 0x00000279da00e640 nmethod 2879 0x00000279803a5508 code [0x00000279803a5640, 0x00000279803a57e0]
Event: 11.655 Thread 0x00000279da00e640 2888       3       java.util.concurrent.ScheduledThreadPoolExecutor$ScheduledFutureTask::cancel (38 bytes)
Event: 11.655 Thread 0x00000279da00e640 nmethod 2888 0x00000279803a5808 code [0x00000279803a5960, 0x00000279803a5d60]
Event: 11.658 Thread 0x00000279da00dd60 nmethod 2874 0x0000027987bace88 code [0x0000027987bad020, 0x0000027987bad5c0]
Event: 11.658 Thread 0x00000279da00dd60 2876   !   4       java.lang.VirtualThread::sleepNanos (119 bytes)
Event: 11.667 Thread 0x00000279da00dd60 nmethod 2876 0x0000027987bad688 code [0x0000027987bad800, 0x0000027987badcb0]
Event: 11.667 Thread 0x00000279da00dd60 2877   !   4       java.lang.Thread::sleepNanos (53 bytes)
Event: 11.668 Thread 0x00000279da00e640 2891       3       com.fasterxml.jackson.core.JsonFactory$Feature::getMask (7 bytes)
Event: 11.668 Thread 0x00000279da00e640 nmethod 2891 0x00000279803a5d88 code [0x00000279803a5ea0, 0x00000279803a5fc8]
Event: 11.668 Thread 0x00000279da00e640 2893       3       com.fasterxml.jackson.core.json.ReaderBasedJsonParser::_skipWSOrEnd (260 bytes)
Event: 11.669 Thread 0x00000279da00e640 nmethod 2893 0x00000279803a6088 code [0x00000279803a62c0, 0x00000279803a6e50]
Event: 11.669 Thread 0x00000279da00e640 2894       3       com.fasterxml.jackson.core.json.ReaderBasedJsonParser::_updateLocation (35 bytes)
Event: 11.669 Thread 0x00000279da00e640 nmethod 2894 0x00000279803a6e88 code [0x00000279803a6fa0, 0x00000279803a70c8]
Event: 11.669 Thread 0x00000279da00e640 2892       3       com.fasterxml.jackson.core.json.ReaderBasedJsonParser::nextFieldName (486 bytes)
Event: 11.671 Thread 0x00000279da00e640 nmethod 2892 0x00000279803a7188 code [0x00000279803a7500, 0x00000279803a8a08]
Event: 11.671 Thread 0x00000279da00e640 2899       3       java.util.concurrent.ConcurrentLinkedQueue::poll (84 bytes)
Event: 11.675 Thread 0x00000279da00e640 nmethod 2899 0x00000279803a8a88 code [0x00000279803a9000, 0x00000279803ac2b0]
Event: 11.675 Thread 0x00000279da00e640 2901       3       com.fasterxml.jackson.databind.DeserializationContext::getAnnotationIntrospector (8 bytes)
Event: 11.675 Thread 0x00000279da00dd60 nmethod 2877 0x0000027987badd88 code [0x0000027987badf00, 0x0000027987bae3e8]
Event: 11.675 Thread 0x00000279da00dd60 2885       4       com.fasterxml.jackson.databind.introspect.AnnotatedMember::getAnnotation (18 bytes)

GC Heap History (20 events):
Event: 3.796 GC heap before
{Heap before GC invocations=8 (full 0):
 garbage-first heap   total reserved 4116480K, committed 258048K, used 154755K [0x0000000704c00000, 0x0000000800000000)
  region size 2048K, 75 young (153600K), 1 survivors (2048K)
 Metaspace       used 6596K, committed 6784K, reserved 1114112K
  class space    used 676K, committed 768K, reserved 1048576K
}
Event: 3.797 GC heap after
{Heap after GC invocations=9 (full 0):
 garbage-first heap   total reserved 4116480K, committed 258048K, used 3189K [0x0000000704c00000, 0x0000000800000000)
  region size 2048K, 1 young (2048K), 1 survivors (2048K)
 Metaspace       used 6596K, committed 6784K, reserved 1114112K
  class space    used 676K, committed 768K, reserved 1048576K
}
Event: 4.501 GC heap before
{Heap before GC invocations=9 (full 0):
 garbage-first heap   total reserved 4116480K, committed 258048K, used 154741K [0x0000000704c00000, 0x0000000800000000)
  region size 2048K, 75 young (153600K), 1 survivors (2048K)
 Metaspace       used 6991K, committed 7168K, reserved 1114112K
  class space    used 716K, committed 768K, reserved 1048576K
}
Event: 4.504 GC heap after
{Heap after GC invocations=10 (full 0):
 garbage-first heap   total reserved 4116480K, committed 258048K, used 3659K [0x0000000704c00000, 0x0000000800000000)
  region size 2048K, 1 young (2048K), 1 survivors (2048K)
 Metaspace       used 6991K, committed 7168K, reserved 1114112K
  class space    used 716K, committed 768K, reserved 1048576K
}
Event: 5.274 GC heap before
{Heap before GC invocations=10 (full 0):
 garbage-first heap   total reserved 4116480K, committed 258048K, used 155211K [0x0000000704c00000, 0x0000000800000000)
  region size 2048K, 75 young (153600K), 1 survivors (2048K)
 Metaspace       used 6991K, committed 7168K, reserved 1114112K
  class space    used 716K, committed 768K, reserved 1048576K
}
Event: 5.276 GC heap after
{Heap after GC invocations=11 (full 0):
 garbage-first heap   total reserved 4116480K, committed 258048K, used 3681K [0x0000000704c00000, 0x0000000800000000)
  region size 2048K, 1 young (2048K), 1 survivors (2048K)
 Metaspace       used 6991K, committed 7168K, reserved 1114112K
  class space    used 716K, committed 768K, reserved 1048576K
}
Event: 6.085 GC heap before
{Heap before GC invocations=11 (full 0):
 garbage-first heap   total reserved 4116480K, committed 258048K, used 155233K [0x0000000704c00000, 0x0000000800000000)
  region size 2048K, 75 young (153600K), 1 survivors (2048K)
 Metaspace       used 6991K, committed 7168K, reserved 1114112K
  class space    used 716K, committed 768K, reserved 1048576K
}
Event: 6.088 GC heap after
{Heap after GC invocations=12 (full 0):
 garbage-first heap   total reserved 4116480K, committed 258048K, used 3631K [0x0000000704c00000, 0x0000000800000000)
  region size 2048K, 1 young (2048K), 1 survivors (2048K)
 Metaspace       used 6991K, committed 7168K, reserved 1114112K
  class space    used 716K, committed 768K, reserved 1048576K
}
Event: 6.783 GC heap before
{Heap before GC invocations=12 (full 0):
 garbage-first heap   total reserved 4116480K, committed 258048K, used 155183K [0x0000000704c00000, 0x0000000800000000)
  region size 2048K, 75 young (153600K), 1 survivors (2048K)
 Metaspace       used 6991K, committed 7168K, reserved 1114112K
  class space    used 716K, committed 768K, reserved 1048576K
}
Event: 6.785 GC heap after
{Heap after GC invocations=13 (full 0):
 garbage-first heap   total reserved 4116480K, committed 258048K, used 3654K [0x0000000704c00000, 0x0000000800000000)
  region size 2048K, 1 young (2048K), 1 survivors (2048K)
 Metaspace       used 6991K, committed 7168K, reserved 1114112K
  class space    used 716K, committed 768K, reserved 1048576K
}
Event: 7.477 GC heap before
{Heap before GC invocations=13 (full 0):
 garbage-first heap   total reserved 4116480K, committed 258048K, used 155206K [0x0000000704c00000, 0x0000000800000000)
  region size 2048K, 75 young (153600K), 1 survivors (2048K)
 Metaspace       used 6991K, committed 7168K, reserved 1114112K
  class space    used 716K, committed 768K, reserved 1048576K
}
Event: 7.479 GC heap after
{Heap after GC invocations=14 (full 0):
 garbage-first heap   total reserved 4116480K, committed 258048K, used 3656K [0x0000000704c00000, 0x0000000800000000)
  region size 2048K, 1 young (2048K), 1 survivors (2048K)
 Metaspace       used 6991K, committed 7168K, reserved 1114112K
  class space    used 716K, committed 768K, reserved 1048576K
}
Event: 8.115 GC heap before
{Heap before GC invocations=14 (full 0):
 garbage-first heap   total reserved 4116480K, committed 258048K, used 155208K [0x0000000704c00000, 0x0000000800000000)
  region size 2048K, 75 young (153600K), 1 survivors (2048K)
 Metaspace       used 6991K, committed 7168K, reserved 1114112K
  class space    used 716K, committed 768K, reserved 1048576K
}
Event: 8.117 GC heap after
{Heap after GC invocations=15 (full 0):
 garbage-first heap   total reserved 4116480K, committed 258048K, used 3660K [0x0000000704c00000, 0x0000000800000000)
  region size 2048K, 1 young (2048K), 1 survivors (2048K)
 Metaspace       used 6991K, committed 7168K, reserved 1114112K
  class space    used 716K, committed 768K, reserved 1048576K
}
Event: 8.849 GC heap before
{Heap before GC invocations=15 (full 0):
 garbage-first heap   total reserved 4116480K, committed 258048K, used 155212K [0x0000000704c00000, 0x0000000800000000)
  region size 2048K, 75 young (153600K), 1 survivors (2048K)
 Metaspace       used 6994K, committed 7168K, reserved 1114112K
  class space    used 716K, committed 768K, reserved 1048576K
}
Event: 8.850 GC heap after
{Heap after GC invocations=16 (full 0):
 garbage-first heap   total reserved 4116480K, committed 258048K, used 3662K [0x0000000704c00000, 0x0000000800000000)
  region size 2048K, 1 young (2048K), 1 survivors (2048K)
 Metaspace       used 6994K, committed 7168K, reserved 1114112K
  class space    used 716K, committed 768K, reserved 1048576K
}
Event: 9.442 GC heap before
{Heap before GC invocations=16 (full 0):
 garbage-first heap   total reserved 4116480K, committed 258048K, used 155214K [0x0000000704c00000, 0x0000000800000000)
  region size 2048K, 75 young (153600K), 1 survivors (2048K)
 Metaspace       used 6994K, committed 7168K, reserved 1114112K
  class space    used 716K, committed 768K, reserved 1048576K
}
Event: 9.443 GC heap after
{Heap after GC invocations=17 (full 0):
 garbage-first heap   total reserved 4116480K, committed 258048K, used 3709K [0x0000000704c00000, 0x0000000800000000)
  region size 2048K, 1 young (2048K), 1 survivors (2048K)
 Metaspace       used 6994K, committed 7168K, reserved 1114112K
  class space    used 716K, committed 768K, reserved 1048576K
}
Event: 11.513 GC heap before
{Heap before GC invocations=17 (full 0):
 garbage-first heap   total reserved 4116480K, committed 258048K, used 155261K [0x0000000704c00000, 0x0000000800000000)
  region size 2048K, 75 young (153600K), 1 survivors (2048K)
 Metaspace       used 18516K, committed 18816K, reserved 1114112K
  class space    used 2139K, committed 2304K, reserved 1048576K
}
Event: 11.517 GC heap after
{Heap after GC invocations=18 (full 0):
 garbage-first heap   total reserved 4116480K, committed 258048K, used 7599K [0x0000000704c00000, 0x0000000800000000)
  region size 2048K, 3 young (6144K), 3 survivors (6144K)
 Metaspace       used 18516K, committed 18816K, reserved 1114112K
  class space    used 2139K, committed 2304K, reserved 1048576K
}

Dll operation events (11 events):
Event: 0.013 Loaded shared library C:\Program Files\Java\jdk-23\bin\java.dll
Event: 0.049 Loaded shared library C:\Program Files\Java\jdk-23\bin\jsvml.dll
Event: 0.083 Loaded shared library C:\Program Files\Java\jdk-23\bin\net.dll
Event: 0.085 Loaded shared library C:\Program Files\Java\jdk-23\bin\nio.dll
Event: 0.090 Loaded shared library C:\Program Files\Java\jdk-23\bin\zip.dll
Event: 0.189 Loaded shared library C:\Program Files\Java\jdk-23\bin\jimage.dll
Event: 0.335 Loaded shared library C:\Program Files\Java\jdk-23\bin\extnet.dll
Event: 0.456 Loaded shared library C:\Program Files\Java\jdk-23\bin\sunmscapi.dll
Event: 10.235 Loaded shared library C:\Program Files\Java\jdk-23\bin\awt.dll
Event: 11.019 Loaded shared library C:\Program Files\Java\jdk-23\bin\freetype.dll
Event: 11.020 Loaded shared library C:\Program Files\Java\jdk-23\bin\fontmanager.dll

Deoptimization events (20 events):
Event: 11.574 Thread 0x00000279dab117e0 Uncommon trap: trap_request=0xffffffd6 fr.pc=0x0000027987b9c0d8 relative=0x00000000000009d8
Event: 11.574 Thread 0x00000279dab117e0 Uncommon trap: reason=array_check action=maybe_recompile pc=0x0000027987b9c0d8 method=java.util.concurrent.ScheduledThreadPoolExecutor$DelayedWorkQueue.siftUp(ILjava/util/concurrent/RunnableScheduledFuture;)V @ 57 c2
Event: 11.574 Thread 0x00000279dab117e0 DEOPT PACKING pc=0x0000027987b9c0d8 sp=0x0000007d140fee90
Event: 11.574 Thread 0x00000279dab117e0 DEOPT UNPACKING pc=0x0000027987587982 sp=0x0000007d140fed00 mode 2
Event: 11.574 Thread 0x00000279dab12500 Uncommon trap: trap_request=0xffffffd6 fr.pc=0x0000027987b9c16c relative=0x0000000000000a6c
Event: 11.574 Thread 0x00000279dab12500 Uncommon trap: reason=array_check action=maybe_recompile pc=0x0000027987b9c16c method=java.util.concurrent.ScheduledThreadPoolExecutor$DelayedWorkQueue.siftUp(ILjava/util/concurrent/RunnableScheduledFuture;)V @ 39 c2
Event: 11.574 Thread 0x00000279dab12500 DEOPT PACKING pc=0x0000027987b9c16c sp=0x0000007d13ffea80
Event: 11.574 Thread 0x00000279dab12500 DEOPT UNPACKING pc=0x0000027987587982 sp=0x0000007d13ffe8f0 mode 2
Event: 11.574 Thread 0x00000279da8ab690 Uncommon trap: trap_request=0xffffffd6 fr.pc=0x0000027987b9c0d8 relative=0x00000000000009d8
Event: 11.574 Thread 0x00000279da8ab690 Uncommon trap: reason=array_check action=maybe_recompile pc=0x0000027987b9c0d8 method=java.util.concurrent.ScheduledThreadPoolExecutor$DelayedWorkQueue.siftUp(ILjava/util/concurrent/RunnableScheduledFuture;)V @ 57 c2
Event: 11.574 Thread 0x00000279da8ab690 DEOPT PACKING pc=0x0000027987b9c0d8 sp=0x0000007d128fea60
Event: 11.574 Thread 0x00000279da8ab690 DEOPT UNPACKING pc=0x0000027987587982 sp=0x0000007d128fe8d0 mode 2
Event: 11.574 Thread 0x00000279dab0f710 Uncommon trap: trap_request=0xffffffd6 fr.pc=0x0000027987b9c16c relative=0x0000000000000a6c
Event: 11.574 Thread 0x00000279dab0f710 Uncommon trap: reason=array_check action=maybe_recompile pc=0x0000027987b9c16c method=java.util.concurrent.ScheduledThreadPoolExecutor$DelayedWorkQueue.siftUp(ILjava/util/concurrent/RunnableScheduledFuture;)V @ 39 c2
Event: 11.574 Thread 0x00000279dab0f710 DEOPT PACKING pc=0x0000027987b9c16c sp=0x0000007d142fee70
Event: 11.574 Thread 0x00000279dab0f710 DEOPT UNPACKING pc=0x0000027987587982 sp=0x0000007d142fece0 mode 2
Event: 11.574 Thread 0x00000279da8ac570 Uncommon trap: trap_request=0xffffffd6 fr.pc=0x0000027987b9c0d8 relative=0x00000000000009d8
Event: 11.574 Thread 0x00000279da8ac570 Uncommon trap: reason=array_check action=maybe_recompile pc=0x0000027987b9c0d8 method=java.util.concurrent.ScheduledThreadPoolExecutor$DelayedWorkQueue.siftUp(ILjava/util/concurrent/RunnableScheduledFuture;)V @ 57 c2
Event: 11.574 Thread 0x00000279da8ac570 DEOPT PACKING pc=0x0000027987b9c0d8 sp=0x0000007d129fe860
Event: 11.574 Thread 0x00000279da8ac570 DEOPT UNPACKING pc=0x0000027987587982 sp=0x0000007d129fe6d0 mode 2

Classes loaded (20 events):
Event: 11.536 Loading class sun/util/resources/BreakIteratorResourceBundle done
Event: 11.536 Loading class sun/text/resources/BreakIteratorResources done
Event: 11.536 Loading class sun/text/resources/BreakIteratorResources_en
Event: 11.536 Loading class sun/text/resources/BreakIteratorResources_en done
Event: 11.537 Loading class sun/text/RuleBasedBreakIterator
Event: 11.537 Loading class sun/text/RuleBasedBreakIterator done
Event: 11.538 Loading class sun/text/CompactByteArray
Event: 11.538 Loading class sun/text/CompactByteArray done
Event: 11.538 Loading class sun/text/SupplementaryCharacterData
Event: 11.538 Loading class sun/text/SupplementaryCharacterData done
Event: 11.538 Loading class java/text/BreakIterator$BreakIteratorCache
Event: 11.538 Loading class java/text/BreakIterator$BreakIteratorCache done
Event: 11.545 Loading class sun/font/CMap$CMapFormat12
Event: 11.545 Loading class sun/font/CMap$CMapFormat12 done
Event: 11.555 Loading class javax/swing/text/ComponentView
Event: 11.555 Loading class javax/swing/text/ComponentView done
Event: 11.557 Loading class javax/swing/JEditorPane
Event: 11.557 Loading class javax/swing/JEditorPane done
Event: 11.581 Loading class javax/swing/RepaintManager$3
Event: 11.581 Loading class javax/swing/RepaintManager$3 done

Classes unloaded (0 events):
No events

Classes redefined (0 events):
No events

Internal exceptions (20 events):
Event: 10.195 Thread 0x00000279da8ac570 Exception <a 'java/lang/NoSuchMethodError'{0x000000070cefc628}: 'int java.lang.invoke.DirectMethodHandle$Holder.invokeSpecial(java.lang.Object, java.lang.Object, java.lang.Object)'> (0x000000070cefc628) 
thrown [s\open\src\hotspot\share\interpreter\linkResolver.cpp, line 796]
Event: 10.197 Thread 0x00000279da8ac570 Exception <a 'java/lang/NoSuchMethodError'{0x000000070cf09430}: 'java.lang.Object java.lang.invoke.Invokers$Holder.invokeExact_MT(java.lang.Object, java.lang.Object, java.lang.Object, java.lang.Object, java.lang.Object)'> (0x000000070cf09430) 
thrown [s\open\src\hotspot\share\interpreter\linkResolver.cpp, line 796]
Event: 10.207 Thread 0x00000279da8ac570 Exception <a 'java/lang/NoSuchMethodError'{0x000000070cf33838}: 'java.lang.Object java.lang.invoke.DirectMethodHandle$Holder.newInvokeSpecial(java.lang.Object, java.lang.Object, java.lang.Object, java.lang.Object, java.lang.Object, java.lang.Object, java.lang.Object, java.lang.Object, java.lang.Object, java.lang.Object)'> (0x000000070cf33838) 
thrown [s\open\src\hotspot\share\interpreter\linkResolver.cpp, line 796]
Event: 10.229 Thread 0x00000279da8ac570 Exception <a 'java/lang/ClassNotFoundException'{0x000000070cf5e5f0}: sun/awt/resources/spi/awtProvider> (0x000000070cf5e5f0) 
thrown [s\open\src\hotspot\share\classfile\systemDictionary.cpp, line 313]
Event: 10.241 Thread 0x00000279da8ac570 Exception <a 'java/io/FileNotFoundException'{0x000000070cf93f58}> (0x000000070cf93f58) 
thrown [s\open\src\hotspot\share\prims\jni.cpp, line 520]
Event: 10.251 Thread 0x00000279da8ac570 Exception <a 'java/io/FileNotFoundException'{0x000000070cfbe788}> (0x000000070cfbe788) 
thrown [s\open\src\hotspot\share\prims\jni.cpp, line 520]
Event: 10.394 Thread 0x00000279da8ac570 Exception <a 'java/lang/NoSuchMethodError'{0x000000070ccf5020}: 'java.lang.Object java.lang.invoke.DirectMethodHandle$Holder.newInvokeSpecial(java.lang.Object, java.lang.Object, int, java.lang.Object, java.lang.Object)'> (0x000000070ccf5020) 
thrown [s\open\src\hotspot\share\interpreter\linkResolver.cpp, line 796]
Event: 10.676 Thread 0x00000279da6e3270 Exception <a 'java/lang/NoSuchMethodError'{0x000000070c97d998}: 'void java.lang.invoke.DirectMethodHandle$Holder.invokeSpecial(java.lang.Object, java.lang.Object, java.lang.Object, java.lang.Object, java.lang.Object)'> (0x000000070c97d998) 
thrown [s\open\src\hotspot\share\interpreter\linkResolver.cpp, line 796]
Event: 10.791 Thread 0x00000279dab11150 Exception <a 'java/lang/NoSuchMethodError'{0x000000070ca5e4c0}: 'java.lang.Object java.lang.invoke.DirectMethodHandle$Holder.newInvokeSpecial(java.lang.Object, int, java.lang.Object, java.lang.Object, java.lang.Object)'> (0x000000070ca5e4c0) 
thrown [s\open\src\hotspot\share\interpreter\linkResolver.cpp, line 796]
Event: 10.798 Thread 0x00000279dab11150 Exception <a 'java/lang/NoSuchMethodError'{0x000000070ca79928}: 'java.lang.Object java.lang.invoke.DirectMethodHandle$Holder.invokeStatic(java.lang.Object, int, java.lang.Object)'> (0x000000070ca79928) 
thrown [s\open\src\hotspot\share\interpreter\linkResolver.cpp, line 796]
Event: 10.831 Thread 0x00000279dab11150 Exception <a 'java/lang/ClassNotFoundException'{0x000000070c469d90}: com/sun/swing/internal/plaf/metal/resources/spi/metalProvider> (0x000000070c469d90) 
thrown [s\open\src\hotspot\share\classfile\systemDictionary.cpp, line 313]
Event: 10.832 Thread 0x00000279dab11150 Exception <a 'java/lang/ClassNotFoundException'{0x000000070c46ddd0}: com/sun/swing/internal/plaf/basic/resources/spi/basicProvider> (0x000000070c46ddd0) 
thrown [s\open\src\hotspot\share\classfile\systemDictionary.cpp, line 313]
Event: 10.841 Thread 0x00000279dab11150 Implicit null exception at 0x0000027987b33479 to 0x0000027987b33d60
Event: 10.847 Thread 0x00000279dab11150 Exception <a 'java/lang/NoSuchMethodError'{0x000000070c48a368}: 'int java.lang.invoke.Invokers$Holder.invokeExact_MT(java.lang.Object, java.lang.Object)'> (0x000000070c48a368) 
thrown [s\open\src\hotspot\share\interpreter\linkResolver.cpp, line 796]
Event: 10.848 Thread 0x00000279dab11150 Implicit null exception at 0x0000027987b312eb to 0x0000027987b314d0
Event: 10.848 Thread 0x00000279dab11150 Implicit null exception at 0x0000027987b1e6eb to 0x0000027987b1e8c4
Event: 11.012 Thread 0x00000279dab11150 Exception <a 'java/lang/NoSuchMethodError'{0x000000070c526248}: 'void java.lang.invoke.DirectMethodHandle$Holder.invokeStaticInit(java.lang.Object)'> (0x000000070c526248) 
thrown [s\open\src\hotspot\share\interpreter\linkResolver.cpp, line 796]
Event: 11.215 Thread 0x00000279dab11150 Exception <a 'java/lang/NoSuchMethodError'{0x000000070c2687e0}: 'void java.lang.invoke.DirectMethodHandle$Holder.invokeSpecial(java.lang.Object, java.lang.Object, int, java.lang.Object)'> (0x000000070c2687e0) 
thrown [s\open\src\hotspot\share\interpreter\linkResolver.cpp, line 796]
Event: 11.218 Thread 0x00000279dab11150 Exception <a 'java/lang/NoSuchMethodError'{0x000000070c26dd50}: 'java.lang.Object java.lang.invoke.DirectMethodHandle$Holder.newInvokeSpecial(java.lang.Object, java.lang.Object, int)'> (0x000000070c26dd50) 
thrown [s\open\src\hotspot\share\interpreter\linkResolver.cpp, line 796]
Event: 11.421 Thread 0x00000279da8ac570 Exception <a 'java/lang/NoSuchMethodError'{0x000000070cd8f2c8}: 'void java.lang.invoke.Invokers$Holder.invokeExact_MT(java.lang.Object, java.lang.Object, java.lang.Object, java.lang.Object)'> (0x000000070cd8f2c8) 
thrown [s\open\src\hotspot\share\interpreter\linkResolver.cpp, line 796]

VM Operations (20 events):
Event: 10.392 Executing VM operation: HandshakeAllThreads (Deoptimize)
Event: 10.392 Executing VM operation: HandshakeAllThreads (Deoptimize) done
Event: 10.397 Executing VM operation: HandshakeAllThreads (Deoptimize)
Event: 10.397 Executing VM operation: HandshakeAllThreads (Deoptimize) done
Event: 10.852 Executing VM operation: HandshakeAllThreads (Deoptimize)
Event: 10.852 Executing VM operation: HandshakeAllThreads (Deoptimize) done
Event: 10.912 Executing VM operation: HandshakeAllThreads (Deoptimize)
Event: 10.913 Executing VM operation: HandshakeAllThreads (Deoptimize) done
Event: 11.299 Executing VM operation: HandshakeAllThreads (Deoptimize)
Event: 11.299 Executing VM operation: HandshakeAllThreads (Deoptimize) done
Event: 11.314 Executing VM operation: HandshakeAllThreads (Deoptimize)
Event: 11.314 Executing VM operation: HandshakeAllThreads (Deoptimize) done
Event: 11.435 Executing VM operation: HandshakeAllThreads (Deoptimize)
Event: 11.435 Executing VM operation: HandshakeAllThreads (Deoptimize) done
Event: 11.435 Executing VM operation: HandshakeAllThreads (Deoptimize)
Event: 11.436 Executing VM operation: HandshakeAllThreads (Deoptimize) done
Event: 11.491 Executing VM operation: HandshakeAllThreads (Deoptimize)
Event: 11.491 Executing VM operation: HandshakeAllThreads (Deoptimize) done
Event: 11.513 Executing VM operation: G1CollectForAllocation (G1 Evacuation Pause)
Event: 11.517 Executing VM operation: G1CollectForAllocation (G1 Evacuation Pause) done

Memory protections (0 events):
No events

Nmethod flushes (0 events):
No events

Events (20 events):
Event: 0.585 Thread 0x00000279da9d9a90 Thread exited: 0x00000279da9d9a90
Event: 0.600 Thread 0x00000279da9d0d90 Thread exited: 0x00000279da9d0d90
Event: 1.116 Thread 0x00000279da00dd60 Thread added: 0x00000279dac38ca0
Event: 1.271 Thread 0x00000279dac38ca0 Thread exited: 0x00000279dac38ca0
Event: 1.331 Thread 0x00000279da00dd60 Thread added: 0x00000279dac8e3f0
Event: 1.537 Thread 0x00000279dac8e3f0 Thread exited: 0x00000279dac8e3f0
Event: 3.998 Thread 0x00000279da00e640 Thread added: 0x00000279dad89930
Event: 4.287 Thread 0x00000279dad89930 Thread exited: 0x00000279dad89930
Event: 10.317 Thread 0x00000279da8ac570 Thread added: 0x00000279dab10ac0
Event: 10.320 Thread 0x00000279da8ac570 Thread added: 0x00000279dab11e70
Event: 10.321 Thread 0x00000279da8ac570 Thread added: 0x00000279dab0fda0
Event: 10.376 Thread 0x00000279da8ac570 Thread added: 0x00000279dab11150
Event: 10.396 Thread 0x00000279da7d95f0 Thread added: 0x00000279dab12500
Event: 10.397 Thread 0x00000279da6e3270 Thread added: 0x00000279dab117e0
Event: 10.397 Thread 0x00000279da6e3270 Thread added: 0x00000279dab12b90
Event: 10.397 Thread 0x00000279da7d95f0 Thread added: 0x00000279dab0f710
Event: 10.912 Thread 0x00000279dab11150 Thread added: 0x00000279dab138b0
Event: 11.251 Thread 0x00000279dab11150 Thread added: 0x00000279dab13f40
Event: 11.487 Thread 0x00000279da00e640 Thread added: 0x00000279db3dc220
Event: 11.498 Thread 0x00000279da00e640 Thread added: 0x00000279db3da6e0


Dynamic libraries:
0x00007ff791990000 - 0x00007ff7919a0000 	C:\Program Files\Java\jdk-23\bin\java.exe
0x00007fffef2e0000 - 0x00007fffef547000 	C:\WINDOWS\SYSTEM32\ntdll.dll
0x00007fffedd40000 - 0x00007fffede09000 	C:\WINDOWS\System32\KERNEL32.DLL
0x00007fffec8f0000 - 0x00007fffeccdf000 	C:\WINDOWS\System32\KERNELBASE.dll
0x00007fffecf30000 - 0x00007fffed07b000 	C:\WINDOWS\System32\ucrtbase.dll
0x00007fffd9860000 - 0x00007fffd9877000 	C:\Program Files\Java\jdk-23\bin\jli.dll
0x00007fffd9840000 - 0x00007fffd985b000 	C:\Program Files\Java\jdk-23\bin\VCRUNTIME140.dll
0x00007fffeee70000 - 0x00007fffef035000 	C:\WINDOWS\System32\USER32.dll
0x00007fffec8c0000 - 0x00007fffec8e7000 	C:\WINDOWS\System32\win32u.dll
0x00007fffd52d0000 - 0x00007fffd5563000 	C:\WINDOWS\WinSxS\amd64_microsoft.windows.common-controls_6595b64144ccf1df_6.0.26100.7309_none_3e05feeae336a044\COMCTL32.dll
0x00007fffedc50000 - 0x00007fffedc7b000 	C:\WINDOWS\System32\GDI32.dll
0x00007fffed570000 - 0x00007fffed619000 	C:\WINDOWS\System32\msvcrt.dll
0x00007fffec790000 - 0x00007fffec8bc000 	C:\WINDOWS\System32\gdi32full.dll
0x00007fffec6e0000 - 0x00007fffec783000 	C:\WINDOWS\System32\msvcp_win.dll
0x00007fffed7d0000 - 0x00007fffed801000 	C:\WINDOWS\System32\IMM32.DLL
0x00007fffe73c0000 - 0x00007fffe73cc000 	C:\Program Files\Java\jdk-23\bin\vcruntime140_1.dll
0x00007fffd0440000 - 0x00007fffd04ce000 	C:\Program Files\Java\jdk-23\bin\msvcp140.dll
0x00007fff6f590000 - 0x00007fff702df000 	C:\Program Files\Java\jdk-23\bin\server\jvm.dll
0x00007fffef1e0000 - 0x00007fffef294000 	C:\WINDOWS\System32\ADVAPI32.dll
0x00007fffed940000 - 0x00007fffed9e6000 	C:\WINDOWS\System32\sechost.dll
0x00007fffed6b0000 - 0x00007fffed7c8000 	C:\WINDOWS\System32\RPCRT4.dll
0x00007fffedbd0000 - 0x00007fffedc44000 	C:\WINDOWS\System32\WS2_32.dll
0x00007fffebba0000 - 0x00007fffebbfe000 	C:\WINDOWS\SYSTEM32\POWRPROF.dll
0x00007fffe6820000 - 0x00007fffe682b000 	C:\WINDOWS\SYSTEM32\VERSION.dll
0x00007fffe4cd0000 - 0x00007fffe4d05000 	C:\WINDOWS\SYSTEM32\WINMM.dll
0x00007fffebb80000 - 0x00007fffebb94000 	C:\WINDOWS\SYSTEM32\UMPDC.dll
0x00007fffeb1b0000 - 0x00007fffeb1cb000 	C:\WINDOWS\SYSTEM32\kernel.appcore.dll
0x00007fffe4f10000 - 0x00007fffe4f1a000 	C:\Program Files\Java\jdk-23\bin\jimage.dll
0x00007fffda850000 - 0x00007fffdaa92000 	C:\WINDOWS\SYSTEM32\DBGHELP.DLL
0x00007fffed170000 - 0x00007fffed4f6000 	C:\WINDOWS\System32\combase.dll
0x00007fffeeb20000 - 0x00007fffeebf6000 	C:\WINDOWS\System32\OLEAUT32.dll
0x00007fffd8e40000 - 0x00007fffd8e7c000 	C:\WINDOWS\SYSTEM32\dbgcore.DLL
0x00007fffec630000 - 0x00007fffec6d5000 	C:\WINDOWS\System32\bcryptPrimitives.dll
0x00007fffd6c10000 - 0x00007fffd6c2e000 	C:\Program Files\Java\jdk-23\bin\java.dll
0x00007fffef040000 - 0x00007fffef1d7000 	C:\WINDOWS\System32\ole32.dll
0x00007fffee3c0000 - 0x00007fffeeb13000 	C:\WINDOWS\System32\SHELL32.dll
0x00007fffec4c0000 - 0x00007fffec62a000 	C:\WINDOWS\System32\wintypes.dll
0x00007fffe9ff0000 - 0x00007fffea84e000 	C:\WINDOWS\SYSTEM32\windows.storage.dll
0x00007fffeec00000 - 0x00007fffeecf5000 	C:\WINDOWS\System32\SHCORE.dll
0x00007fffed500000 - 0x00007fffed566000 	C:\WINDOWS\System32\shlwapi.dll
0x00007fffec350000 - 0x00007fffec379000 	C:\WINDOWS\SYSTEM32\profapi.dll
0x00007fff7b9e0000 - 0x00007fff7bab7000 	C:\Program Files\Java\jdk-23\bin\jsvml.dll
0x00007fffe01e0000 - 0x00007fffe01f0000 	C:\Program Files\Java\jdk-23\bin\net.dll
0x00007fffeb750000 - 0x00007fffeb7bb000 	C:\WINDOWS\system32\mswsock.dll
0x00007fffd4510000 - 0x00007fffd4526000 	C:\Program Files\Java\jdk-23\bin\nio.dll
0x00007fffce3e0000 - 0x00007fffce3f7000 	C:\Program Files\Java\jdk-23\bin\zip.dll
0x00007fffda6b0000 - 0x00007fffda6b9000 	C:\Program Files\Java\jdk-23\bin\extnet.dll
0x00007fffd6d70000 - 0x00007fffd6d7e000 	C:\Program Files\Java\jdk-23\bin\sunmscapi.dll
0x00007fffeccf0000 - 0x00007fffece67000 	C:\WINDOWS\System32\CRYPT32.dll
0x00007fffebd50000 - 0x00007fffebd80000 	C:\WINDOWS\SYSTEM32\ncrypt.dll
0x00007fffebd00000 - 0x00007fffebd3f000 	C:\WINDOWS\SYSTEM32\NTASN1.dll
0x00007fff69a70000 - 0x00007fff69a78000 	C:\WINDOWS\system32\wshunix.dll
0x00007fffeba80000 - 0x00007fffeba9b000 	C:\WINDOWS\SYSTEM32\CRYPTSP.dll
0x00007fffeb110000 - 0x00007fffeb14a000 	C:\WINDOWS\system32\rsaenh.dll
0x00007fffeb870000 - 0x00007fffeb89b000 	C:\WINDOWS\SYSTEM32\USERENV.dll
0x00007fffec320000 - 0x00007fffec34a000 	C:\WINDOWS\SYSTEM32\bcrypt.dll
0x00007fffebaa0000 - 0x00007fffebaac000 	C:\WINDOWS\SYSTEM32\CRYPTBASE.dll
0x00007fffeab90000 - 0x00007fffeabc4000 	C:\WINDOWS\SYSTEM32\IPHLPAPI.DLL
0x00007fffed620000 - 0x00007fffed62a000 	C:\WINDOWS\System32\NSI.dll
0x00007fff75ec0000 - 0x00007fff7604e000 	C:\Program Files\Java\jdk-23\bin\awt.dll
0x00007fffe8930000 - 0x00007fffe89cf000 	C:\WINDOWS\SYSTEM32\apphelp.dll
0x00007fffe9380000 - 0x00007fffe942b000 	C:\WINDOWS\system32\uxtheme.dll
0x00007fffeed00000 - 0x00007fffeee5e000 	C:\WINDOWS\System32\MSCTF.dll
0x00007fffe9920000 - 0x00007fffe9950000 	C:\WINDOWS\system32\DWMAPI.DLL
0x00007fffabf50000 - 0x00007fffac060000 	C:\WINDOWS\system32\opengl32.dll
0x00007fffac200000 - 0x00007fffac22d000 	C:\WINDOWS\SYSTEM32\GLU32.dll
0x00007fffe9770000 - 0x00007fffe97b4000 	C:\WINDOWS\SYSTEM32\dxcore.dll
0x00007fffdbf40000 - 0x00007fffdc0f3000 	C:\WINDOWS\system32\d3d9.dll
0x00007fffcd7a0000 - 0x00007fffcd85c000 	C:\WINDOWS\System32\DriverStore\FileRepository\nvam.inf_amd64_04f7a5af24ef6f23\nvldumdx.dll
0x00007fffebaf0000 - 0x00007fffebb03000 	C:\WINDOWS\SYSTEM32\msasn1.dll
0x00007fffe5870000 - 0x00007fffe58ab000 	C:\WINDOWS\SYSTEM32\cryptnet.dll
0x00007fffe56f0000 - 0x00007fffe586b000 	C:\WINDOWS\SYSTEM32\drvstore.dll
0x00007fffec0f0000 - 0x00007fffec11d000 	C:\WINDOWS\SYSTEM32\devobj.dll
0x00007fffec090000 - 0x00007fffec0e7000 	C:\WINDOWS\SYSTEM32\cfgmgr32.dll
0x00007fffebc10000 - 0x00007fffebc75000 	C:\WINDOWS\SYSTEM32\wldp.dll
0x00007fffec430000 - 0x00007fffec4b0000 	C:\WINDOWS\System32\wintrust.dll
0x00007fffedea0000 - 0x00007fffedec0000 	C:\WINDOWS\System32\imagehlp.dll
0x00007fffcb280000 - 0x00007fffcd46b000 	C:\WINDOWS\System32\DriverStore\FileRepository\nvam.inf_amd64_04f7a5af24ef6f23\nvgpucomp64.dll
0x00007fff12240000 - 0x00007fff14c02000 	C:\WINDOWS\System32\DriverStore\FileRepository\nvam.inf_amd64_04f7a5af24ef6f23\nvd3dumx.dll
0x00007fffe6200000 - 0x00007fffe6263000 	C:\WINDOWS\SYSTEM32\directxdatabasehelper.dll
0x00007fffab140000 - 0x00007fffab287000 	C:\WINDOWS\system32\nvspcap64.dll
0x00007fffeb2e0000 - 0x00007fffeb316000 	C:\WINDOWS\SYSTEM32\ntmarta.dll
0x00007fffeb830000 - 0x00007fffeb862000 	C:\WINDOWS\SYSTEM32\gpapi.dll
0x00007fffb1b90000 - 0x00007fffb1c17000 	C:\Program Files\Java\jdk-23\bin\freetype.dll
0x00007fff75de0000 - 0x00007fff75eb7000 	C:\Program Files\Java\jdk-23\bin\fontmanager.dll
0x00007fffedc80000 - 0x00007fffedd30000 	C:\WINDOWS\System32\clbcatq.dll
0x00007fffe6ee0000 - 0x00007fffe7110000 	C:\WINDOWS\SYSTEM32\WindowsCodecs.dll
0x00007fffabd00000 - 0x00007fffabd5a000 	C:\WINDOWS\system32\dataexchange.dll
0x00007fffdda10000 - 0x00007fffddc54000 	C:\WINDOWS\system32\twinapi.appcore.dll
0x00007fffd66b0000 - 0x00007fffd67f8000 	C:\WINDOWS\SYSTEM32\textinputframework.dll

dbghelp: loaded successfully - version: 4.0.5 - missing functions: none
symbol engine: initialized successfully - sym options: 0x614 - pdb path: .;C:\Program Files\Java\jdk-23\bin;C:\WINDOWS\SYSTEM32;C:\WINDOWS\WinSxS\amd64_microsoft.windows.common-controls_6595b64144ccf1df_6.0.26100.7309_none_3e05feeae336a044;C:\Program Files\Java\jdk-23\bin\server;C:\WINDOWS\System32\DriverStore\FileRepository\nvam.inf_amd64_04f7a5af24ef6f23

VM Arguments:
jvm_args: -XX:+ShowCodeDetailsInExceptionMessages 
java_command: supervisor.Supervisor
java_class_path (initial): C:\dev\epidemic_dissemination_UI\backend\epidemic_dissemination_engine\epidemic_algorithm_logic\target\classes;C:\Users\odiog\.m2\repository\org\jfree\jfreechart\1.5.3\jfreechart-1.5.3.jar;C:\Users\odiog\.m2\repository\com\fasterxml\jackson\core\jackson-databind\2.15.2\jackson-databind-2.15.2.jar;C:\Users\odiog\.m2\repository\com\fasterxml\jackson\core\jackson-annotations\2.15.2\jackson-annotations-2.15.2.jar;C:\Users\odiog\.m2\repository\com\fasterxml\jackson\core\jackson-core\2.15.2\jackson-core-2.15.2.jar;C:\Users\odiog\.m2\repository\org\java-websocket\Java-WebSocket\1.6.0\Java-WebSocket-1.6.0.jar;C:\Users\odiog\.m2\repository\org\slf4j\slf4j-api\2.0.13\slf4j-api-2.0.13.jar
Launcher Type: SUN_STANDARD

[Global flags]
     intx CICompilerCount                          = 4                                         {product} {ergonomic}
     uint ConcGCThreads                            = 2                                         {product} {ergonomic}
     uint G1ConcRefinementThreads                  = 8                                         {product} {ergonomic}
   size_t G1HeapRegionSize                         = 2097152                                   {product} {ergonomic}
   size_t InitialHeapSize                          = 264241152                                 {product} {ergonomic}
   size_t MarkStackSize                            = 4194304                                   {product} {ergonomic}
   size_t MarkStackSizeMax                         = 536870912                                 {product} {ergonomic}
   size_t MaxHeapSize                              = 4215275520                                {product} {ergonomic}
   size_t MaxNewSize                               = 2529165312                                {product} {ergonomic}
   size_t MinHeapDeltaBytes                        = 2097152                                   {product} {ergonomic}
   size_t MinHeapSize                              = 8388608                                   {product} {ergonomic}
    uintx NonNMethodCodeHeapSize                   = 5832704                                {pd product} {ergonomic}
    uintx NonProfiledCodeHeapSize                  = 122945536                              {pd product} {ergonomic}
    uintx ProfiledCodeHeapSize                     = 122880000                              {pd product} {ergonomic}
    uintx ReservedCodeCacheSize                    = 251658240                              {pd product} {ergonomic}
     bool SegmentedCodeCache                       = true                                      {product} {ergonomic}
     bool ShowCodeDetailsInExceptionMessages       = true                                   {manageable} {command line}
   size_t SoftMaxHeapSize                          = 4215275520                             {manageable} {ergonomic}
     bool UseCompressedOops                        = true                           {product lp64_product} {ergonomic}
     bool UseG1GC                                  = true                                      {product} {ergonomic}
     bool UseLargePagesIndividualAllocation        = false                                  {pd product} {ergonomic}

Logging:
Log output configuration:
 #0: stdout all=warning uptime,level,tags foldmultilines=false
 #1: stderr all=off uptime,level,tags foldmultilines=false

Environment Variables:
JAVA_HOME=C:\Program Files\Microsoft\jdk-17.0.16.8-hotspot
PATH=C:\src\flutter\bin\cache\dart-sdk\bin\;C:\Program Files\Eclipse Adoptium\jdk-17.0.16.8-hotspot\bin;C:\Program Files\Microsoft\jdk-21.0.8.9-hotspot\bin;C:\Program Files\Microsoft\jdk-17.0.16.8-hotspot\bin;C:\Program Files\Eclipse Adoptium\jdk-21.0.5.11-hotspot\bin;C:\Program Files\Common Files\Oracle\Java\javapath;C:\Program Files (x86)\Common Files\Oracle\Java\java8path;C:\Program Files (x86)\Common Files\Oracle\Java\javapath;C:\Python312\Scripts\;C:\Python312\;C:\Windows\system32;C:\Windows;C:\Windows\System32\Wbem;C:\Windows\System32\WindowsPowerShell\v1.0\;C:\Windows\System32\OpenSSH\;C:\Program Files (x86)\NVIDIA Corporation\PhysX\Common;C:\WINDOWS\system32;C:\WINDOWS;C:\WINDOWS\System32\Wbem;C:\WINDOWS\System32\WindowsPowerShell\v1.0\;C:\WINDOWS\System32\OpenSSH\;C:\Program Files\Portugal Identity Card\;C:\TDM-GCC-64\bin;C:\Program Files\dotnet\;C:\Program Files (x86)\CODESYS\APInstaller\;C:\Program Files\nodejs\;C:\Program Files\Git\cmd;C:\ProgramData\chocolatey\bin;C:\Program Files\Java\jdk-21\bin;C:\Program Files\Docker\Docker\resources\bin;C:\Program Files\MATLAB\R2024b\bin;;C:\Program Files\NVIDIA Corporation\NVIDIA App\NvDLISR;C:\Program Files\Microsoft\jdk-17.0.16.8-hotspot\bin;C:\src\flutter\bin\;C:\Program Files\Eclipse Adoptium\jdk-17.0.16.8-hotspot\bin;C:\Program Files\Microsoft\jdk-21.0.8.9-hotspot\bin;C:\Program Files\Microsoft\jdk-17.0.16.8-hotspot\bin;C:\Program Files\Eclipse Adoptium\jdk-21.0.5.11-hotspot\bin;C:\Program Files\Common Files\Oracle\Java\javapath;C:\Python312\Scripts\;C:\Python312\;C:\Program Files (x86)\Common Files\Oracle\Java\javapath;C:\Windows\system32;C:\Windows;C:\Windows\System32\Wbem;C:\Windows\System32\WindowsPowerShell\v1.0\;C:\Windows\System32\OpenSSH\;C:\Program Files (x86)\NVIDIA Corporation\PhysX\Common;C:\WINDOWS\system32;C:\WINDOWS;C:\WINDOWS\System32\Wbem;C:\WINDOWS\System32\WindowsPowerShell\v1.0\;C:\WINDOWS\System32\OpenSSH\;C:\Program Files\Portugal Identity Card\;C:\TDM-GCC-64\bin;C:\Program Files\dotnet\;C:\Program Files (x86)\CODESYS\APInstaller\;C:\Program Files\nodejs\;C:\Program Files\Git\cmd;C:\ProgramData\chocolatey\bin;C:\Program Files\Java\jdk-21\bin;C:\Program Files\Docker\Dock;C:\Users\odiog\AppData\Local\GitHubDesktop\bin;C:\Users\odiog\AppData\Local\Programs\Microsoft VS Code\bin;C:\texlive\2025\bin\windows;C:\Users\odiog\AppData\Local\Programs\Antigravity\bin;c:\Users\odiog\.antigravity\extensions\vscjava.vscode-java-debug-0.58.5-universal\bundled\scripts\noConfigScripts
USERNAME=odiog
LANG=en_US.UTF-8
OS=Windows_NT
PROCESSOR_IDENTIFIER=Intel64 Family 6 Model 140 Stepping 1, GenuineIntel
TMP=C:\Users\odiog\AppData\Local\Temp
TEMP=C:\Users\odiog\AppData\Local\Temp




Periodic native trim disabled

---------------  S Y S T E M  ---------------

OS:
 Windows 11 , 64 bit Build 26100 (10.0.26100.7623)
OS uptime: 4 days 11:44 hours
Hyper-V role detected

CPU: total 8 (initial active 8) (4 cores per cpu, 2 threads per core) family 6 model 140 stepping 1 microcode 0x86, cx8, cmov, fxsr, ht, mmx, 3dnowpref, sse, sse2, sse3, ssse3, sse4.1, sse4.2, popcnt, lzcnt, tsc, tscinvbit, avx, avx2, aes, erms, clmul, bmi1, bmi2, adx, avx512f, avx512dq, avx512cd, avx512bw, avx512vl, sha, fma, vzeroupper, avx512_vpopcntdq, avx512_vpclmulqdq, avx512_vaes, avx512_vnni, clflush, clflushopt, clwb, avx512_vbmi2, avx512_vbmi, hv, rdtscp, rdpid, fsrm, gfni, avx512_bitalg, f16c, cet_ibt, cet_ss, avx512_ifma
Processor Information for the first 8 processors :
  Max Mhz: 3302, Current Mhz: 3302, Mhz Limit: 3302

Memory: 4k page, system-wide physical 16075M (1583M free)
TotalPageFile size 25803M (AvailPageFile size 0M)
current process WorkingSet (physical memory assigned to process): 283M, peak: 283M
current process commit charge ("private bytes"): 420M, peak: 420M

vm_info: Java HotSpot(TM) 64-Bit Server VM (23.0.1+11-39) for windows-amd64 JRE (23.0.1+11-39), built on 2024-09-30T07:20:43Z with MS VC++ 17.6 (VS2022)

END.
